../test/test1
Statistics:	ProcessNew	0	0
name num is ../test/test1,threadNum: 1,threadPri: 75
Statistics:	ProcessNew	1	10
Tick 10 Thread 1 move to RR queue
Thread 1	ProcessReady	10
Statistics:	ProcessFinish	0	20
Statistics:	ProcessSleep	0	20
Thread 1	ProcessRunning	20
test:0, 448page is 0
address is 0
Tick 42 Thread1 changes its burst time to 11
Tick 42 Thread1 changes its priority to 25
Tick 500 Thread 1 move to Priority queue
Thread 1	ProcessReady	500
Tick 1000 Thread 1 move to Priority queue
Thread 1	ProcessReady	1000
Statistics:	ProcessFinish	1	1081
Statistics:	ProcessSleep	1	1081
No threads ready or runnable, and no pending interrupts.
Assuming the program completed.
 QQ Machine halting!

Ticks: total 1500, idle 419, system 50, user 1031
Disk I/O: reads 0, writes 0
Console I/O: reads 0, writes 0
Paging: faults 0
Network I/O: packets received 0, sent 0
