../test/test4
Statistics:	ProcessNew	0	0
name num is ../test/test4,threadNum: 1,threadPri: 105
Statistics:	ProcessNew	1	10
Tick 10 Thread 1 move to SJF queue
Thread 1	ProcessReady	10
Statistics:	ProcessFinish	0	20
Statistics:	ProcessSleep	0	20
Thread 1	ProcessRunning	20
test:0, 496page is 0
address is 0
Tick 42 Thread1 changes its burst time to 11
Tick 42 Thread1 changes its priority to 105
Tick 262 Thread1 changes its burst time to 115.5
Tick 262 Thread1 changes its priority to 105
Tick 486 Thread1 changes its burst time to 169.75
Tick 486 Thread1 changes its priority to 105
Tick 500 Thread 1 move to SJF queue
Thread 1	ProcessReady	500
Tick 720 Thread1 changes its burst time to 201.875
Tick 720 Thread1 changes its priority to 105
Tick 944 Thread1 changes its burst time to 212.938
Tick 944 Thread1 changes its priority to 105
Tick 1000 Thread 1 move to SJF queue
Thread 1	ProcessReady	1000
Tick 1178 Thread1 changes its burst time to 223.469
Tick 1178 Thread1 changes its priority to 105
Tick 1402 Thread1 changes its burst time to 223.734
Tick 1402 Thread1 changes its priority to 105
Tick 1500 Thread 1 move to SJF queue
Thread 1	ProcessReady	1500
Tick 1636 Thread1 changes its burst time to 228.867
Tick 1636 Thread1 changes its priority to 105
Tick 1860 Thread1 changes its burst time to 226.434
Tick 1860 Thread1 changes its priority to 105
Tick 2000 Thread 1 move to SJF queue
Thread 1	ProcessReady	2000
Tick 2094 Thread1 changes its burst time to 230.217
Tick 2094 Thread1 changes its priority to 105
Tick 2318 Thread1 changes its burst time to 227.108
Tick 2318 Thread1 changes its priority to 105
Statistics:	ProcessFinish	1	2341
Statistics:	ProcessSleep	1	2341
No threads ready or runnable, and no pending interrupts.
Assuming the program completed.
 QQ Machine halting!

Ticks: total 2500, idle 159, system 70, user 2271
Disk I/O: reads 0, writes 0
Console I/O: reads 0, writes 0
Paging: faults 0
Network I/O: packets received 0, sent 0
