../test/test1
../test/test2
Statistics:	ProcessNew	0	0
name num is ../test/test1,threadNum: 1,threadPri: 75
Statistics:	ProcessNew	1	10
Tick 10 Thread 1 move to RR queue
Thread 1	ProcessReady	10
name num is ../test/test2,threadNum: 2,threadPri: 75
Statistics:	ProcessNew	2	20
Tick 20 Thread 2 move to RR queue
Thread 2	ProcessReady	20
Statistics:	ProcessFinish	0	30
Statistics:	ProcessSleep	0	30
Thread 1	ProcessRunning	30
test:0, 448page is 0
address is 0
Tick 52 Thread1 changes its burst time to 11
Tick 52 Thread1 changes its priority to 25
Tick 500 Thread 1 move to Priority queue
Thread 1	ProcessReady	500
Thread 2	ProcessRunning	500
Tick 500 Thread1 changes its burst time to 229.5
test:0, 448page is 2
address is 2048
Tick 522 Thread2 changes its burst time to 11
Tick 522 Thread2 changes its priority to 40
Tick 1000 Thread 2 move to Priority queue
Thread 2	ProcessReady	1000
Tick 1500 Thread 2 move to Priority queue
Thread 2	ProcessReady	1500
Tick 2000 Thread1 changes its priority to 35
Tick 2000 Thread 2 move to Priority queue
Thread 2	ProcessReady	2000
Tick 2500 Thread 2 move to Priority queue
Thread 2	ProcessReady	2500
Tick 3000 Thread 2 move to Priority queue
Thread 2	ProcessReady	3000
Tick 3500 Thread1 changes its priority to 45
Tick 3500 Thread 2 move to Priority queue
Thread 2	ProcessReady	3500
Thread 1	ProcessRunning	3500
Tick 3500 Thread2 changes its burst time to 1494.5
Tick 4000 Thread 1 move to Priority queue
Thread 1	ProcessReady	4000
Statistics:	ProcessFinish	1	4091
Statistics:	ProcessSleep	1	4091
Thread 2	ProcessRunning	4091
Tick 4091 Thread1 changes its burst time to 410.25
Tick 4500 Thread 2 move to Priority queue
Thread 2	ProcessReady	4500
Tick 5000 Thread 2 move to Priority queue
Thread 2	ProcessReady	5000
Tick 5500 Thread 2 move to Priority queue
Thread 2	ProcessReady	5500
Tick 6000 Thread 2 move to Priority queue
Thread 2	ProcessReady	6000
Tick 6500 Thread 2 move to Priority queue
Thread 2	ProcessReady	6500
Tick 7000 Thread 2 move to Priority queue
Thread 2	ProcessReady	7000
Tick 7500 Thread 2 move to Priority queue
Thread 2	ProcessReady	7500
Tick 8000 Thread 2 move to Priority queue
Thread 2	ProcessReady	8000
Tick 8500 Thread 2 move to Priority queue
Thread 2	ProcessReady	8500
Tick 9000 Thread 2 move to Priority queue
Thread 2	ProcessReady	9000
Tick 9500 Thread 2 move to Priority queue
Thread 2	ProcessReady	9500
Tick 10000 Thread 2 move to Priority queue
Thread 2	ProcessReady	10000
Tick 10500 Thread 2 move to Priority queue
Thread 2	ProcessReady	10500
Tick 11000 Thread 2 move to Priority queue
Thread 2	ProcessReady	11000
Tick 11500 Thread 2 move to Priority queue
Thread 2	ProcessReady	11500
Tick 12000 Thread 2 move to Priority queue
Thread 2	ProcessReady	12000
Tick 12500 Thread 2 move to Priority queue
Thread 2	ProcessReady	12500
Tick 13000 Thread 2 move to Priority queue
Thread 2	ProcessReady	13000
Tick 13500 Thread 2 move to Priority queue
Thread 2	ProcessReady	13500
Tick 14000 Thread 2 move to Priority queue
Thread 2	ProcessReady	14000
Tick 14500 Thread 2 move to Priority queue
Thread 2	ProcessReady	14500
Tick 15000 Thread 2 move to Priority queue
Thread 2	ProcessReady	15000
Tick 15500 Thread 2 move to Priority queue
Thread 2	ProcessReady	15500
Tick 16000 Thread 2 move to Priority queue
Thread 2	ProcessReady	16000
Tick 16500 Thread 2 move to Priority queue
Thread 2	ProcessReady	16500
Tick 17000 Thread 2 move to Priority queue
Thread 2	ProcessReady	17000
Tick 17500 Thread 2 move to Priority queue
Thread 2	ProcessReady	17500
Tick 18000 Thread 2 move to Priority queue
Thread 2	ProcessReady	18000
Tick 18500 Thread 2 move to Priority queue
Thread 2	ProcessReady	18500
Tick 19000 Thread 2 move to Priority queue
Thread 2	ProcessReady	19000
Tick 19500 Thread 2 move to Priority queue
Thread 2	ProcessReady	19500
Tick 20000 Thread 2 move to Priority queue
Thread 2	ProcessReady	20000
Tick 20500 Thread 2 move to Priority queue
Thread 2	ProcessReady	20500
Tick 21000 Thread 2 move to Priority queue
Thread 2	ProcessReady	21000
Tick 21500 Thread 2 move to Priority queue
Thread 2	ProcessReady	21500
Tick 22000 Thread 2 move to Priority queue
Thread 2	ProcessReady	22000
Tick 22500 Thread 2 move to Priority queue
Thread 2	ProcessReady	22500
Tick 23000 Thread 2 move to Priority queue
Thread 2	ProcessReady	23000
Tick 23500 Thread 2 move to Priority queue
Thread 2	ProcessReady	23500
Tick 24000 Thread 2 move to Priority queue
Thread 2	ProcessReady	24000
Tick 24500 Thread 2 move to Priority queue
Thread 2	ProcessReady	24500
Tick 25000 Thread 2 move to Priority queue
Thread 2	ProcessReady	25000
Tick 25500 Thread 2 move to Priority queue
Thread 2	ProcessReady	25500
Tick 26000 Thread 2 move to Priority queue
Thread 2	ProcessReady	26000
Tick 26500 Thread 2 move to Priority queue
Thread 2	ProcessReady	26500
Statistics:	ProcessFinish	2	26642
Statistics:	ProcessSleep	2	26642
No threads ready or runnable, and no pending interrupts.
Assuming the program completed.
 QQ Machine halting!

Ticks: total 27000, idle 358, system 580, user 26062
Disk I/O: reads 0, writes 0
Console I/O: reads 0, writes 0
Paging: faults 0
Network I/O: packets received 0, sent 0
